[ WARN:0] global ../modules/videoio/src/cap_gstreamer.cpp (935) open OpenCV | GStreamer warning: Cannot query video position: status=0, value=-1, duration=-1
[rPPG] 服务器监听 127.0.0.1:8005
[rPPG] 摄像头 0 实际分辨率: 1280x720, FPS: 10.0
[rPPG] 摄像头 0 已启动，等待主进程连接...
[rPPG] 主进程已连接: ('127.0.0.1', 57798)
[rPPG] 检测到人脸 (172,237,240x240)，开始跟踪
Calculating rPPG...
(3, 120)
Here is the peaks and valleys value:[  2   6   8  11  13  15  18  22  24  26  28  31  36  43  50  53  56  59
  62  64  68  71  73  77  81  84  87  89  91  95  98 101 104 109 115] & [  3   7  10  12  14  17  20  23  25  27  30  32  40  49  51  54  58  61
  63  66  70  72  74  78  82  86  88  90  94  97 100 102 107 111 118]
[rPPG] 人脸跟踪丢失，重新检测...
[rPPG] 检测到人脸 (192,146,297x297)，开始跟踪
[rPPG] 人脸跟踪丢失，重新检测...
[rPPG] 检测到人脸 (153,44,304x304)，开始跟踪
Calculating rPPG...
心率平滑(历史): 110 -> 92
(3, 120)
Here is the peaks and valleys value:[  1   6  13  20  23  26  29  32  34  38  41  43  47  51  54  57  59  61
  65  68  71  74  79  85  91  96  98 101 103 106 111 113 115] & [  2  10  19  21  24  28  31  33  36  40  42  44  48  52  56  58  60  64
  67  70  72  77  81  88  94  97  99 102 105 109 112 114]
[rPPG] 人脸跟踪丢失，重新检测...
[rPPG] 检测到人脸 (158,57,356x356)，开始跟踪
Calculating rPPG...
心率平滑(历史): 109 -> 100
(3, 120)
Here is the peaks and valleys value:[  2   4   8  11  13  17  21  24  27  29  31  35  38  41  44  49  55  61
  66  68  71  73  76  81  83  85  92  95 101 103 105 116] & [  1   3   6  10  12  14  18  22  26  28  30  34  37  40  42  47  51  58
  64  67  69  72  75  79  82  84  91  93  97 102 104 107 117]
[rPPG] 人脸跟踪丢失，重新检测...
[rPPG] 检测到人脸 (66,168,295x295)，开始跟踪
Calculating rPPG...
检测到异常心率: 156，使用历史平均: 116.3
心率平滑(历史): 116 -> 111
(3, 120)
Here is the peaks and valleys value:[  1   5   8  11  14  19  25  31  36  38  41  43  46  51  53  55  62  65
  71  73  75  86  89  95 100 104 108 111 114 116] & [  4   7  10  12  17  21  28  34  37  39  42  45  49  52  54  61  63  67
  72  74  77  87  93  98 102 106 110 113 115 117]
Calculating rPPG...
心率平滑(历史): 118 -> 117
(3, 120)
Here is the peaks and valleys value:[  1   6   8  11  13  16  21  23  25  32  35  41  43  45  56  59  65  70
  74  78  81  84  86  89  92  96  99 104 107 109 111 115 118] & [  4   7   9  12  15  19  22  24  31  33  37  42  44  47  57  63  68  72
  76  80  83  85  87  90  94  97 101 106 108 110 114 116]
Calculating rPPG...
检测到异常心率: 139，使用历史平均: 114.3
心率平滑(历史): 114 -> 114
(3, 120)
Here is the peaks and valleys value:[  2   5  11  13  15  26  29  35  40  44  48  51  54  56  59  62  66  69
  74  77  79  81  85  88  91  94  96  98 100 103 107 109 113 117] & [  1   3   7  12  14  17  27  33  38  42  46  50  53  55  57  60  64  67
  71  76  78  80  84  86  90  92  95  97  99 102 105 108 112 114]
Calculating rPPG...
检测到异常心率: 163，使用历史平均: 116.0
心率平滑(历史): 116 -> 116
(3, 120)
Here is the peaks and valleys value:[  5  10  14  18  21  24  26  29  32  36  39  44  47  49  51  55  58  61
  64  66  68  70  73  77  79  83  87  91  94  98 100 102 106 108 110 113
 116] & [  3   8  12  16  20  23  25  27  30  34  37  41  46  48  50  54  56  60
  62  65  67  69  72  75  78  82  84  89  93  95  99 101 104 107 109 112
 115 118]
Calculating rPPG...
检测到异常心率: 168，使用历史平均: 116.0
心率平滑(历史): 116 -> 116
(3, 120)
Here is the peaks and valleys value:[  2   6   9  14  17  19  21  25  28  31  34  36  38  40  43  47  49  53
  57  61  64  68  70  72  76  78  80  83  86  90  94  99 103 110 114 116] & [  4   7  11  16  18  20  24  26  30  32  35  37  39  42  45  48  52  54
  59  63  65  69  71  74  77  79  82  85  88  92  95 100 104 112 115 117]
Calculating rPPG...
心率平滑(历史): 114 -> 115
(3, 120)
Here is the peaks and valleys value:[  1   4   6   8  10  13  17  19  23  27  31  34  38  40  42  46  48  50
  53  56  60  64  69  73  80  84  86  89  92  94  97 103 106 109 111 114
 116] & [  2   5   7   9  12  15  18  22  24  29  33  35  39  41  44  47  49  52
  55  58  62  65  70  74  82  85  87  90  93  96 100 105 107 110 113 115
 118]
Calculating rPPG...
心率平滑(历史): 108 -> 110
(3, 120)
Here is the peaks and valleys value:[  1   4   8  10  12  16  18  20  23  26  30  34  39  43  50  54  56  59
  62  64  67  73  76  79  81  84  86  89  92  94  96  99 101 103 105 114
 117] & [  3   5   9  11  14  17  19  22  25  28  32  35  40  44  52  55  57  60
  63  66  70  75  77  80  83  85  88  90  93  95  98 100 102 104 113 115
 118]
Calculating rPPG...
心率平滑(历史): 105 -> 107
(3, 120)
Here is the peaks and valleys value:[  4   9  13  20  24  26  29  32  34  37  43  46  49  51  54  56  59  62
  64  66  69  71  73  75  84  87  89  92  94  98 100 107 110 116] & [  2   5  10  14  22  25  27  30  33  36  40  45  47  50  53  55  58  60
  63  65  68  70  72  74  83  85  88  90  93  97  99 101 108 114 118]
Calculating rPPG...
心率平滑(历史): 104 -> 106
(3, 120)
Here is the peaks and valleys value:[  2   4   7  13  16  19  21  24  26  29  32  34  36  39  41  43  45  54
  57  59  62  64  68  70  77  80  86  90  92  96  99 102 104 107 109 111
 114 117] & [  3   6  10  15  17  20  23  25  28  30  33  35  38  40  42  44  53  55
  58  60  63  67  69  71  78  84  88  91  95  98 100 103 106 108 110 113
 116 118]
Calculating rPPG...
检测到异常心率: 125，使用历史平均: 105.7
心率平滑(历史): 106 -> 106
(3, 120)
Here is the peaks and valleys value:[  2   4   6   9  11  13  15  24  27  29  32  34  38  40  47  50  56  60
  62  66  69  72  74  77  79  81  84  87  89  92  98 101 105 109 112 117] & [  3   5   8  10  12  14  23  25  28  30  33  37  39  41  48  54  58  61
  65  68  70  73  76  78  80  83  86  88  91  94 100 103 108 111 115]
Calculating rPPG...
检测到异常心率: 127，使用历史平均: 105.0
心率平滑(历史): 105 -> 105
(3, 120)
Here is the peaks and valleys value:[  2   4   8  10  17  20  26  30  32  36  39  42  44  47  49  51  54  57
  59  62  68  71  75  79  82  87  91  94  97  99 102 104 106 110 114 116
 118] & [  3   7   9  11  18  24  28  31  35  38  40  43  46  48  50  53  56  58
  61  64  70  73  78  81  85  90  93  95  98 100 103 105 109 112 115 117]
Calculating rPPG...
检测到异常心率: 130，使用历史平均: 105.0
心率平滑(历史): 105 -> 105
(3, 120)
Here is the peaks and valleys value:[  2   6   9  12  14  17  19  21  24  27  29  32  38  41  45  49  52  57
  61  64  67  69  72  74  76  80  84  86  88  93  96  99 101 108 112 114
 116] & [  1   5   8  10  13  16  18  20  23  26  28  31  34  40  43  48  51  55
  60  63  65  68  70  73  75  79  82  85  87  90  95  98 100 105 110 113
 115 118]
Calculating rPPG...
心率平滑(历史): 111 -> 109
(3, 120)
Here is the peaks and valleys value:[  2   8  11  15  19  22  27  31  34  37  39  42  44  46  50  54  56  58
  63  66  69  71  78  82  84  86  91  96  99 101 104 107 109 113] & [  1   4  10  13  18  21  25  30  33  35  38  40  43  45  49  52  55  57
  60  65  68  70  75  80  83  85  88  92  98 100 102 105 108 112 116]
Calculating rPPG...
检测到异常心率: 153，使用历史平均: 107.0
心率平滑(历史): 107 -> 107
(3, 120)
Here is the peaks and valleys value:[  1   4   7   9  12  14  16  20  24  26  28  33  36  39  41  48  52  54
  56  61  66  69  71  74  77  79  83  89  91  96  98 102 105 107 114 116
 118] & [  3   5   8  10  13  15  19  22  25  27  30  35  38  40  45  50  53  55
  58  62  68  70  72  75  78  82  86  90  93  97 101 104 106 108 115 117]
Calculating rPPG...
检测到异常心率: 151，使用历史平均: 107.7
心率平滑(历史): 108 -> 108
(3, 120)
Here is the peaks and valleys value:[  3   6   9  11  18  22  24  26  31  36  39  41  44  47  49  53  59  61
  66  68  72  75  77  84  86  88  91  93  96  98 103 105 111 116 118] & [  5   8  10  15  20  23  25  28  32  38  40  42  45  48  52  56  60  63
  67  71  74  76  78  85  87  90  92  94  97 101 104 106 115 117]
Calculating rPPG...
检测到异常心率: 154，使用历史平均: 108.7
心率平滑(历史): 109 -> 109
(3, 120)
Here is the peaks and valleys value:[  1   6   9  11  14  17  19  23  29  31  36  38  42  45  47  54  56  58
  61  63  66  68  73  75  81  86  88  92  94  98 104 107 115 117] & [  2   8  10  12  15  18  22  26  30  33  37  41  44  46  48  55  57  60
  62  64  67  71  74  76  85  87  90  93  95 102 105 112 116 118]
[rPPG] 人脸跟踪丢失，重新检测...
[rPPG] 检测到人脸 (378,208,145x145)，开始跟踪
Calculating rPPG...
检测到异常心率: 141，使用历史平均: 108.0
心率平滑(历史): 108 -> 108
(3, 120)
[rPPG] 呼吸率计算失败: Digital filter critical frequencies must be 0 < Wn < 1
Here is the peaks and valleys value:[  1   6   8  12  15  17  24  26  28  31  33  36  38  43  45  51  56  58
  62  64  68  74  77  85  87  89  91  97 104 106 109 112 116 118] & [  3   7  11  14  16  18  25  27  30  32  34  37  41  44  46  55  57  60
  63  65  72  75  82  86  88  90  96 100 105 108 110 113 117]
警告：平滑后的跟踪框尺寸过小，跳过此帧
[rPPG] 人脸跟踪丢失，重新检测...
[rPPG] 检测到人脸 (243,84,373x373)，开始跟踪
Calculating rPPG...
检测到异常心率: 144，使用历史平均: 108.3
心率平滑(历史): 108 -> 108
(3, 120)
[rPPG] 呼吸率计算失败: Digital filter critical frequencies must be 0 < Wn < 1
Here is the peaks and valleys value:[  1   3   6   8  13  15  21  26  28  32  34  38  44  47  55  57  59  61
  67  74  76  79  82  86  88  90  92  96 100 103 108 110 114] & [  2   4   7  11  14  16  25  27  30  33  35  42  45  52  56  58  60  66
  70  75  78  80  83  87  89  91  95  98 101 104 109 111 115]
Calculating rPPG...
检测到异常心率: 143，使用历史平均: 108.3
心率平滑(历史): 108 -> 108
(3, 120)
[rPPG] 呼吸率计算失败: Digital filter critical frequencies must be 0 < Wn < 1
Here is the peaks and valleys value:[  2   4   8  14  17  25  27  29  31  37  44  46  49  52  56  58  60  62
  66  70  73  78  80  84  90  92  94  96 100 102 105 107 110 113 116] & [  3   5  12  15  22  26  28  30  36  40  45  48  50  53  57  59  61  65
  68  71  74  79  81  85  91  93  95  98 101 104 106 108 111 115 118]
Calculating rPPG...
检测到异常心率: 137，使用历史平均: 108.0
心率平滑(历史): 108 -> 108
(3, 120)
[rPPG] 呼吸率计算失败: Digital filter critical frequencies must be 0 < Wn < 1
Here is the peaks and valleys value:[  1   7  14  16  19  22  26  28  30  32  36  40  43  48  50  54  60  62
  64  66  70  72  75  77  80  83  86  90  93  96 106 109 113 115 118] & [  6  10  15  18  20  23  27  29  31  35  38  41  44  49  51  55  61  63
  65  68  71  74  76  78  81  85  88  92  95 105 107 112 114 116]
Calculating rPPG...
心率平滑(历史): 115 -> 113
(3, 120)
Here is the peaks and valleys value:[  2   6  10  13  18  20  24  30  32  34  36  40  42  45  47  50  53  56
  60  63  66  76  79  83  85  88  92  94  97  99 102 107 110 113 116 118] & [  1   5   8  11  14  19  21  25  31  33  35  38  41  44  46  48  51  55
  58  62  65  75  77  82  84  86  91  93  95  98 100 105 109 112 115 117]
Calculating rPPG...
心率平滑(历史): 114 -> 113
(3, 120)
Here is the peaks and valleys value:[  2   4   6  10  12  15  17  20  23  26  30  33  36  46  49  53  55  58
  62  64  67  69  72  77  80  83  86  88  90  93  97  99 101 104 106 108
 112 114 117] & [  1   3   5   8  11  14  16  18  21  25  28  32  35  45  47  52  54  56
  61  63  65  68  70  75  79  82  85  87  89  92  96  98 100 103 105 107
 111 113 115 118]
Calculating rPPG...
检测到异常心率: 140，使用历史平均: 112.3
心率平滑(历史): 112 -> 112
(3, 120)
Here is the peaks and valleys value:[  3   6  16  19  23  25  28  32  34  37  39  42  47  50  53  56  58  60
  63  67  69  71  74  76  78  82  84  87  89  91  94  97  99 101 103 107
 109 111 114 117] & [  2   5  15  17  22  24  26  31  33  35  38  40  45  49  52  55  57  59
  62  66  68  70  73  75  77  81  83  85  88  90  93  96  98 100 102 105
 108 110 112 115]
Calculating rPPG...
检测到异常心率: 143，使用历史平均: 113.7
心率平滑(历史): 114 -> 114
(3, 120)
Here is the peaks and valleys value:[  2   4   7   9  12  17  20  23  26  28  30  33  37  39  41  44  46  48
  52  54  57  59  61  64  67  69  71  73  77  79  81  84  87  91  93  99
 101 104 106 109 113 117] & [  1   3   5   8  10  15  19  22  25  27  29  32  36  38  40  43  45  47
  51  53  55  58  60  63  66  68  70  72  75  78  80  82  85  90  92  96
 100 102 105 108 110 114 118]
Calculating rPPG...
检测到异常心率: 142，使用历史平均: 113.3
心率平滑(历史): 113 -> 113
(3, 120)
Here is the peaks and valleys value:[  3   7   9  11  14  16  18  22  24  27  29  31  34  37  39  41  43  47
  49  51  54  57  61  63  69  71  74  76  79  83  87  90  92  94  99 103
 108 111 114 117] & [  2   6   8  10  13  15  17  21  23  25  28  30  33  36  38  40  42  45
  48  50  52  55  60  62  66  70  72  75  78  80  84  88  91  93  97 101
 107 110 113 116]
Calculating rPPG...
心率平滑(历史): 113 -> 113
(3, 120)
Here is the peaks and valleys value:[  1   4   7   9  11  13  17  19  21  24  27  31  33  39  41  44  46  49
  53  57  60  62  64  69  73  78  81  84  87  91  95  97 100 104 106 111
 115 117] & [  3   6   8  10  12  15  18  20  22  25  30  32  36  40  42  45  48  50
  54  58  61  63  67  71  77  80  83  86  89  92  96  98 101 105 110 112
 116]
Calculating rPPG...
检测到异常心率: 135，使用历史平均: 113.3
心率平滑(历史): 113 -> 113
(3, 120)
Here is the peaks and valleys value:[  1   3   9  11  14  16  19  23  27  30  32  34  39  43  48  51  54  57
  61  65  67  70  74  76  81  85  87  92  97 100 103 107 110 113 118] & [  2   6  10  12  15  18  20  24  28  31  33  37  41  47  50  53  56  59
  62  66  68  71  75  80  82  86  89  95  99 101 104 108 112 114]
Calculating rPPG...
检测到异常心率: 133，使用历史平均: 113.0
心率平滑(历史): 113 -> 113
(3, 120)
Here is the peaks and valleys value:[  2   4   9  13  18  21  24  27  31  35  37  40  44  46  51  55  57  62
  67  70  73  77  80  83  88  91  93  96  99 102 105 111 114 116 118] & [  1   3   7  11  17  20  23  26  29  32  36  38  41  45  50  52  56  59
  65  69  71  74  78  82  84  90  92  94  98 100 103 109 113 115 117]
Calculating rPPG...
检测到异常心率: 136，使用历史平均: 113.0
心率平滑(历史): 113 -> 113
(3, 120)
Here is the peaks and valleys value:[  1   5   7  10  14  16  21  25  27  32  37  40  43  47  50  53  58  61
  63  66  69  72  75  81  84  86  88  90  92  95  97  99 102 105 110 115
 118] & [  2   6   8  11  15  20  22  26  29  35  39  41  44  48  52  54  60  62
  64  68  70  73  79  83  85  87  89  91  94  96  98 100 103 108 112 116]
Calculating rPPG...
检测到异常心率: 139，使用历史平均: 113.0
心率平滑(历史): 113 -> 113
(3, 120)
Here is the peaks and valleys value:[  2   7  10  13  17  20  23  28  31  33  36  39  42  45  51  54  56  58
  60  62  65  67  69  72  75  80  85  88  94  99 103 105 110 113 115 118] & [  5   9  11  14  18  22  24  30  32  34  38  40  43  49  53  55  57  59
  61  64  66  68  70  73  78  82  86  90  97 100 104 108 112 114 116]
Calculating rPPG...
心率平滑(历史): 113 -> 113
(3, 120)
Here is the peaks and valleys value:[  1   3   6   9  12  15  21  24  26  28  30  32  35  37  39  42  45  50
  55  58  64  69  73  75  80  83  85  88  91  93  96  99 101 103 107 109] & [  2   4   8  10  13  19  23  25  27  29  31  34  36  38  40  43  48  52
  56  60  67  70  74  78  82  84  86  90  92  95  97 100 102 106 108 113]
Calculating rPPG...
心率平滑(历史): 105 -> 107
(3, 120)
Here is the peaks and valleys value:[  2   5   7   9  12  15  20  25  28  34  39  43  45  50  53  55  58  61
  63  66  69  71  73  77  79  91  93  98 101 103 105 112 115 118] & [  1   4   6   8  10  13  18  22  26  30  37  40  44  48  52  54  56  60
  62  65  67  70  72  76  78  83  92  94  99 102 104 110 113 117]
警告：平滑后的跟踪框尺寸过小，跳过此帧
[rPPG] 人脸跟踪丢失，重新检测...
[rPPG] 检测到人脸 (425,387,89x89)，开始跟踪
Calculating rPPG...
心率平滑(历史): 98 -> 101
(3, 120)
